Component: ARM Compiler 5.06 update 4 (build 422) Tool: armlink [4d35d2]

==============================================================================

Section Cross References

    startup_stm32f10x_hd.o(RESET) refers to startup_stm32f10x_hd.o(STACK) for __initial_sp
    startup_stm32f10x_hd.o(RESET) refers to startup_stm32f10x_hd.o(.text) for Reset_Handler
    startup_stm32f10x_hd.o(RESET) refers to stm32f10x_it.o(.text) for NMI_Handler
    startup_stm32f10x_hd.o(RESET) refers to bsp_rtc.o(.text) for RTC_IRQHandler
    startup_stm32f10x_hd.o(RESET) refers to esp8266.o(.text) for USART3_IRQHandler
    startup_stm32f10x_hd.o(.text) refers to system_stm32f10x.o(.text) for SystemInit
    startup_stm32f10x_hd.o(.text) refers to entry.o(.ARM.Collect$$$$00000000) for __main
    system_stm32f10x.o(.text) refers to system_stm32f10x.o(.data) for SystemCoreClock
    stm32f10x_adc.o(.text) refers to stm32f10x_rcc.o(.text) for RCC_APB2PeriphResetCmd
    stm32f10x_bkp.o(.text) refers to stm32f10x_rcc.o(.text) for RCC_BackupResetCmd
    stm32f10x_can.o(.text) refers to stm32f10x_rcc.o(.text) for RCC_APB1PeriphResetCmd
    stm32f10x_cec.o(.text) refers to stm32f10x_rcc.o(.text) for RCC_APB1PeriphResetCmd
    stm32f10x_dac.o(.text) refers to stm32f10x_rcc.o(.text) for RCC_APB1PeriphResetCmd
    stm32f10x_gpio.o(.text) refers to stm32f10x_rcc.o(.text) for RCC_APB2PeriphResetCmd
    stm32f10x_i2c.o(.text) refers to stm32f10x_rcc.o(.text) for RCC_APB1PeriphResetCmd
    stm32f10x_pwr.o(.text) refers to stm32f10x_rcc.o(.text) for RCC_APB1PeriphResetCmd
    stm32f10x_rcc.o(.text) refers to stm32f10x_rcc.o(.data) for APBAHBPrescTable
    stm32f10x_spi.o(.text) refers to stm32f10x_rcc.o(.text) for RCC_APB2PeriphResetCmd
    stm32f10x_tim.o(.text) refers to stm32f10x_rcc.o(.text) for RCC_APB2PeriphResetCmd
    stm32f10x_usart.o(.text) refers to stm32f10x_rcc.o(.text) for RCC_APB2PeriphResetCmd
    stm32f10x_wwdg.o(.text) refers to stm32f10x_rcc.o(.text) for RCC_APB1PeriphResetCmd
    main.o(.text) refers to iic.o(.text) for IIC_Init
    main.o(.text) refers to max30102.o(.text) for maxim_max30102_reset
    main.o(.text) refers to printf6.o(i.__0printf$6) for __2printf
    main.o(.text) refers to adxl345.o(.text) for detect_step
    main.o(.text) refers to printf6.o(i.__0sprintf$6) for __2sprintf
    main.o(.text) refers to gui.o(.text) for Show_Str
    main.o(.text) refers to algorithm.o(.text) for maxim_heart_rate_and_oxygen_saturation
    main.o(.text) refers to bsp_usart.o(.text) for Usart_SendString
    main.o(.text) refers to stm32f10x_rcc.o(.text) for RCC_APB2PeriphClockCmd
    main.o(.text) refers to stm32f10x_gpio.o(.text) for GPIO_Init
    main.o(.text) refers to system_stm32f10x.o(.text) for SystemInit
    main.o(.text) refers to delay.o(.text) for delay_init
    main.o(.text) refers to bsp_usart_blt.o(.text) for BLT_USART_Config
    main.o(.text) refers to lcd.o(.text) for LCD_Init
    main.o(.text) refers to esp8266.o(.text) for WIFI_Config
    main.o(.text) refers to bsp_key.o(.text) for Key_GPIO_Config
    main.o(.text) refers to bsp_rtc.o(.text) for gettime
    main.o(.text) refers to strcmp.o(.text) for strcmp
    main.o(.text) refers to test.o(.text) for DrawTestPage
    main.o(.text) refers to main.o(.data) for measurement_active
    main.o(.text) refers to main.o(.bss) for aun_ir_buffer
    main.o(.text) refers to stm32f10x_it.o(.bss) for DEBUG_USART_ReceiveData
    main.o(.text) refers to bsp_rtc.o(.bss) for rtc_time_struct
    stm32f10x_it.o(.text) refers to stm32f10x_usart.o(.text) for USART_GetITStatus
    stm32f10x_it.o(.text) refers to stm32f10x_it.o(.bss) for DEBUG_USART_ReceiveData
    bsp_systick.o(.text) refers to system_stm32f10x.o(.data) for SystemCoreClock
    bsp_key.o(.text) refers to stm32f10x_rcc.o(.text) for RCC_APB2PeriphClockCmd
    bsp_key.o(.text) refers to stm32f10x_gpio.o(.text) for GPIO_Init
    bsp_usart.o(.text) refers to misc.o(.text) for NVIC_PriorityGroupConfig
    bsp_usart.o(.text) refers to stm32f10x_rcc.o(.text) for RCC_APB2PeriphClockCmd
    bsp_usart.o(.text) refers to stm32f10x_gpio.o(.text) for GPIO_Init
    bsp_usart.o(.text) refers to stm32f10x_usart.o(.text) for USART_Init
    bsp_usart_blt.o(.text) refers to misc.o(.text) for NVIC_PriorityGroupConfig
    bsp_usart_blt.o(.text) refers to stm32f10x_rcc.o(.text) for RCC_APB1PeriphClockCmd
    bsp_usart_blt.o(.text) refers to stm32f10x_gpio.o(.text) for GPIO_Init
    bsp_usart_blt.o(.text) refers to stm32f10x_usart.o(.text) for USART_Init
    bsp_usart_blt.o(.text) refers to stm32f10x_it.o(.bss) for BLT_USART_ReceiveData
    core_delay.o(.text) refers to system_stm32f10x.o(.data) for SystemCoreClock
    gui.o(.text) refers to lcd.o(.text) for LCD_SetCursor
    gui.o(.text) refers to lcd.o(.bss) for lcddev
    gui.o(.text) refers to lcd.o(.data) for POINT_COLOR
    gui.o(.text) refers to gui.o(.constdata) for asc2_1206
    gui.o(.text) refers to strlen.o(.text) for strlen
[...]
    ../clib/microlib/longlong.c              0x00000000   Number         0  llshl.o ABSOLUTE
    ../clib/microlib/printf/printf.c         0x00000000   Number         0  printf8.o ABSOLUTE
    ../clib/microlib/printf/printf.c         0x00000000   Number         0  printfb.o ABSOLUTE
    ../clib/microlib/printf/printf.c         0x00000000   Number         0  printf2.o ABSOLUTE
    ../clib/microlib/printf/printf.c         0x00000000   Number         0  printf3.o ABSOLUTE
    ../clib/microlib/printf/printf.c         0x00000000   Number         0  printf4.o ABSOLUTE
    ../clib/microlib/printf/printf.c         0x00000000   Number         0  printf5.o ABSOLUTE
    ../clib/microlib/printf/printf.c         0x00000000   Number         0  printf6.o ABSOLUTE
    ../clib/microlib/printf/printf.c         0x00000000   Number         0  printfa.o ABSOLUTE
    ../clib/microlib/printf/printf.c         0x00000000   Number         0  printf7.o ABSOLUTE
    ../clib/microlib/printf/printf.c         0x00000000   Number         0  printf1.o ABSOLUTE
    ../clib/microlib/printf/printf.c         0x00000000   Number         0  printf0.o ABSOLUTE
    ../clib/microlib/printf/stubs.s          0x00000000   Number         0  stubs.o ABSOLUTE
    ../clib/microlib/stdio/fgetc.c           0x00000000   Number         0  fgetc_b.o ABSOLUTE
    ../clib/microlib/stdio/semi.s            0x00000000   Number         0  semi.o ABSOLUTE
    ../clib/microlib/stdio/streams.c         0x00000000   Number         0  stdin.o ABSOLUTE
    ../clib/microlib/stdio/streams.c         0x00000000   Number         0  stdout.o ABSOLUTE
    ../clib/microlib/string/memcpy.c         0x00000000   Number         0  memcpyb.o ABSOLUTE
    ../clib/microlib/string/memcpy.c         0x00000000   Number         0  memcpya.o ABSOLUTE
    ../clib/microlib/string/memset.c         0x00000000   Number         0  memseta.o ABSOLUTE
    ../clib/microlib/string/strcmp.c         0x00000000   Number         0  strcmp.o ABSOLUTE
    ../clib/microlib/string/strcpy.c         0x00000000   Number         0  strcpy.o ABSOLUTE
    ../clib/microlib/string/strlen.c         0x00000000   Number         0  strlen.o ABSOLUTE
    ../clib/microlib/string/strstr.c         0x00000000   Number         0  strstr.o ABSOLUTE
    ../clib/microlib/stubs.s                 0x00000000   Number         0  iusefp.o ABSOLUTE
    ../clib/microlib/stubs.s                 0x00000000   Number         0  iusesemig.o ABSOLUTE
    ../clib/scanf.c                          0x00000000   Number         0  scanf_char_file.o ABSOLUTE
    ../clib/scanf.c                          0x00000000   Number         0  scanf_char.o ABSOLUTE
    ../clib/scanf.c                          0x00000000   Number         0  _strtoul.o ABSOLUTE
    ../clib/scanf.c                          0x00000000   Number         0  _scanf.o ABSOLUTE
    ../clib/scanf.c                          0x00000000   Number         0  atoi.o ABSOLUTE
    ../clib/scanf.c                          0x00000000   Number         0  _scanf_int.o ABSOLUTE
    ../clib/scanf.c                          0x00000000   Number         0  __0scanf.o ABSOLUTE
    ../clib/scanf.c                          0x00000000   Number         0  _chval.o ABSOLUTE
    ../clib/scanf.c                          0x00000000   Number         0  strtol.o ABSOLUTE
    ../fplib/microlib/fpadd.c                0x00000000   Number         0  fadd.o ABSOLUTE
    ../fplib/microlib/fpadd.c                0x00000000   Number         0  dadd.o ABSOLUTE
    ../fplib/microlib/fpdiv.c                0x00000000   Number         0  ddiv.o ABSOLUTE
    ../fplib/microlib/fpdiv.c                0x00000000   Number         0  fdiv.o ABSOLUTE
    ../fplib/microlib/fpepilogue.c           0x00000000   Number         0  depilogue.o ABSOLUTE
    ../fplib/microlib/fpepilogue.c           0x00000000   Number         0  fepilogue.o ABSOLUTE
    ../fplib/microlib/fpfix.c                0x00000000   Number         0  dfixul.o ABSOLUTE
    ../fplib/microlib/fpflt.c                0x00000000   Number         0  fflti.o ABSOLUTE
    ../fplib/microlib/fpflt.c                0x00000000   Number         0  ffltui.o ABSOLUTE
    ../fplib/microlib/fpmul.c                0x00000000   Number         0  dmul.o ABSOLUTE
    ..\..\Libraries\CMSIS\core_cm3.c         0x00000000   Number         0  core_cm3.o ABSOLUTE
    ..\..\Libraries\CMSIS\startup\startup_stm32f10x_hd.s 0x00000000   Number         0  startup_stm32f10x_hd.o ABSOLUTE
    ..\..\Libraries\CMSIS\system_stm32f10x.c 0x00000000   Number         0  system_stm32f10x.o ABSOLUTE
    ..\..\Libraries\FWlib\src\misc.c         0x00000000   Number         0  misc.o ABSOLUTE
    ..\..\Libraries\FWlib\src\stm32f10x_adc.c 0x00000000   Number         0  stm32f10x_adc.o ABSOLUTE
    ..\..\Libraries\FWlib\src\stm32f10x_bkp.c 0x00000000   Number         0  stm32f10x_bkp.o ABSOLUTE
    ..\..\Libraries\FWlib\src\stm32f10x_can.c 0x00000000   Number         0  stm32f10x_can.o ABSOLUTE
    ..\..\Libraries\FWlib\src\stm32f10x_cec.c 0x00000000   Number         0  stm32f10x_cec.o ABSOLUTE
    ..\..\Libraries\FWlib\src\stm32f10x_crc.c 0x00000000   Number         0  stm32f10x_crc.o ABSOLUTE
    ..\..\Libraries\FWlib\src\stm32f10x_dac.c 0x00000000   Number         0  stm32f10x_dac.o ABSOLUTE
    ..\..\Libraries\FWlib\src\stm32f10x_dbgmcu.c 0x00000000   Number         0  stm32f10x_dbgmcu.o ABSOLUTE
    ..\..\Libraries\FWlib\src\stm32f10x_dma.c 0x00000000   Number         0  stm32f10x_dma.o ABSOLUTE
    ..\..\Libraries\FWlib\src\stm32f10x_exti.c 0x00000000   Number         0  stm32f10x_exti.o ABSOLUTE
    ..\..\Libraries\FWlib\src\stm32f10x_flash.c 0x00000000   Number         0  stm32f10x_flash.o ABSOLUTE
    ..\..\Libraries\FWlib\src\stm32f10x_fsmc.c 0x00000000   Number         0  stm32f10x_fsmc.o ABSOLUTE
    ..\..\Libraries\FWlib\src\stm32f10x_gpio.c 0x00000000   Number         0  stm32f10x_gpio.o ABSOLUTE
    ..\..\Libraries\FWlib\src\stm32f10x_i2c.c 0x00000000   Number         0  stm32f10x_i2c.o ABSOLUTE
    ..\..\Libraries\FWlib\src\stm32f10x_iwdg.c 0x00000000   Number         0  stm32f10x_iwdg.o ABSOLUTE
    ..\..\Libraries\FWlib\src\stm32f10x_pwr.c 0x00000000   Number         0  stm32f10x_pwr.o ABSOLUTE
    ..\..\Libraries\FWlib\src\stm32f10x_rcc.c 0x00000000   Number         0  stm32f10x_rcc.o ABSOLUTE
    ..\..\Libraries\FWlib\src\stm32f10x_rtc.c 0x00000000   Number         0  stm32f10x_rtc.o ABSOLUTE
    ..\..\Libraries\FWlib\src\stm32f10x_sdio.c 0x00000000   Number         0  stm32f10x_sdio.o ABSOLUTE
    ..\..\Libraries\FWlib\src\stm32f10x_spi.c 0x00000000   Number         0  stm32f10x_spi.o ABSOLUTE
    ..\..\Libraries\FWlib\src\stm32f10x_tim.c 0x00000000   Number         0  stm32f10x_tim.o ABSOLUTE
    ..\..\Libraries\FWlib\src\stm32f10x_usart.c 0x00000000   Number         0  stm32f10x_usart.o ABSOLUTE
    ..\..\Libraries\FWlib\src\stm32f10x_wwdg.c 0x00000000   Number         0  stm32f10x_wwdg.o ABSOLUTE
    ..\..\SYSTEM\delay\delay.c               0x00000000   Number         0  delay.o ABSOLUTE
    ..\..\SYSTEM\sys\sys.c                   0x00000000   Number         0  sys.o ABSOLUTE
    ..\..\User\ADXL345\adxl345.c             0x00000000   Number         0  adxl345.o ABSOLUTE
    ..\..\User\Key\bsp_key.c                 0x00000000   Number         0  bsp_key.o ABSOLUTE
    ..\..\User\LCD\GUI.c                     0x00000000   Number         0  gui.o ABSOLUTE
    ..\..\User\LCD\lcd.c                     0x00000000   Number         0  lcd.o ABSOLUTE
    ..\..\User\LCD\test.c                    0x00000000   Number         0  test.o ABSOLUTE
    ..\..\User\MAX30102\IIC\iic.c            0x00000000   Number         0  iic.o ABSOLUTE
    ..\..\User\MAX30102\algorithm.c          0x00000000   Number         0  algorithm.o ABSOLUTE
    ..\..\User\MAX30102\max30102.c           0x00000000   Number         0  max30102.o ABSOLUTE
    ..\..\User\SPI\SPI.c                     0x00000000   Number         0  spi.o ABSOLUTE
    ..\..\User\SysTick\bsp_SysTick.c         0x00000000   Number         0  bsp_systick.o ABSOLUTE
    ..\..\User\dwt_delay\core_delay.c        0x00000000   Number         0  core_delay.o ABSOLUTE
    ..\..\User\main.c                        0x00000000   Number         0  main.o ABSOLUTE
    ..\..\User\meau\meau.c                   0x00000000   Number         0  meau.o ABSOLUTE
    ..\..\User\rtc\bsp_calendar.c            0x00000000   Number         0  bsp_calendar.o ABSOLUTE
    ..\..\User\rtc\bsp_date.c                0x00000000   Number         0  bsp_date.o ABSOLUTE
    ..\..\User\rtc\bsp_rtc.c                 0x00000000   Number         0  bsp_rtc.o ABSOLUTE
    ..\..\User\stm32f10x_it.c                0x00000000   Number         0  stm32f10x_it.o ABSOLUTE
    ..\..\User\usart\ESP8266.c               0x00000000   Number         0  esp8266.o ABSOLUTE
    ..\..\User\usart\bsp_usart.c             0x00000000   Number         0  bsp_usart.o ABSOLUTE
    ..\..\User\usart\bsp_usart_blt.c         0x00000000   Number         0  bsp_usart_blt.o ABSOLUTE
    ..\\..\\Libraries\\CMSIS\\core_cm3.c     0x00000000   Number         0  core_cm3.o ABSOLUTE
    ..\\..\\SYSTEM\\sys\\sys.c               0x00000000   Number         0  sys.o ABSOLUTE
    cdrcmple.s                               0x00000000   Number         0  cdrcmple.o ABSOLUTE
    dc.s                                     0x00000000   Number         0  dc.o ABSOLUTE
    handlers.s                               0x00000000   Number         0  handlers.o ABSOLUTE
    init.s                                   0x00000000   Number         0  init.o ABSOLUTE
    RESET                                    0x08000000   Section      304  startup_stm32f10x_hd.o(RESET)
    .ARM.Collect$$$$00000000                 0x08000130   Section        0  entry.o(.ARM.Collect$$$$00000000)
    .ARM.Collect$$$$00000001                 0x08000130   Section        4  entry2.o(.ARM.Collect$$$$00000001)
    .ARM.Collect$$$$00000004                 0x08000134   Section        4  entry5.o(.ARM.Collect$$$$00000004)
    .ARM.Collect$$$$00000008                 0x08000138   Section        0  entry7b.o(.ARM.Collect$$$$00000008)
    .ARM.Collect$$$$0000000A                 0x08000138   Section        0  entry8b.o(.ARM.Collect$$$$0000000A)
    .ARM.Collect$$$$0000000B                 0x08000138   Section        8  entry9a.o(.ARM.Collect$$$$0000000B)
    .ARM.Collect$$$$0000000D                 0x08000140   Section        0  entry10a.o(.ARM.Collect$$$$0000000D)
    .ARM.Collect$$$$0000000F                 0x08000140   Section        0  entry11a.o(.ARM.Collect$$$$0000000F)
    .ARM.Collect$$$$00002712                 0x08000140   Section        4  entry2.o(.ARM.Collect$$$$00002712)
    __lit__00000000                          0x08000140   Data           4  entry2.o(.ARM.Collect$$$$00002712)
    .text                                    0x08000144   Section       36  startup_stm32f10x_hd.o(.text)
    .text                                    0x08000168   Section        0  system_stm32f10x.o(.text)
    SetSysClockTo72                          0x08000169   Thumb Code   214  system_stm32f10x.o(.text)
    SetSysClock                              0x0800023f   Thumb Code     8  system_stm32f10x.o(.text)
    .text                                    0x08000348   Section        0  misc.o(.text)
    .text                                    0x08000424   Section        0  stm32f10x_bkp.o(.text)
    .text                                    0x080004e8   Section        0  stm32f10x_gpio.o(.text)
    .text                                    0x08000844   Section        0  stm32f10x_pwr.o(.text)
    .text                                    0x08000910   Section        0  stm32f10x_rcc.o(.text)
    .text                                    0x08000cb4   Section        0  stm32f10x_rtc.o(.text)
    .text                                    0x08000dfc   Section        0  stm32f10x_spi.o(.text)
    .text                                    0x08001108   Section        0  stm32f10x_usart.o(.text)
    .text                                    0x08001510   Section        0  main.o(.text)
    .text                                    0x08001b34   Section        0  stm32f10x_it.o(.text)
    .text                                    0x08001c0c   Section        0  bsp_key.o(.text)
    .text                                    0x08001c74   Section        0  bsp_usart.o(.text)
    UART1_NVIC_Configuration                 0x08001c75   Thumb Code    38  bsp_usart.o(.text)
    .text                                    0x08001e28   Section        0  bsp_usart_blt.o(.text)
    BLT_NVIC_Configuration                   0x08001e29   Thumb Code    38  bsp_usart_blt.o(.text)
    Usart_SendByte                           0x08001ee7   Thumb Code    30  bsp_usart_blt.o(.text)
    .text                                    0x08001f64   Section        0  gui.o(.text)
    _swap                                    0x0800224f   Thumb Code    10  gui.o(.text)
    .text                                    0x08002bd4   Section        0  lcd.o(.text)
    .text                                    0x0800329c   Section        0  test.o(.text)
    .text                                    0x08003dec   Section        0  spi.o(.text)
    .text                                    0x08003eb8   Section        0  esp8266.o(.text)
    .text                                    0x0800468c   Section        0  adxl345.o(.text)
    .text                                    0x08004eac   Section        0  algorithm.o(.text)
    .text                                    0x080053dc   Section        0  max30102.o(.text)
    .text                                    0x08005628   Section        0  bsp_calendar.o(.text)
    .text                                    0x08005cac   Section        0  bsp_date.o(.text)
    .text                                    0x08005e88   Section        0  bsp_rtc.o(.text)
    .text                                    0x0800661c   Section        0  delay.o(.text)
    .text                                    0x080066c8   Section        0  iic.o(.text)
    .text                                    0x08006a20   Section        0  memcpya.o(.text)
    .text                                    0x08006a44   Section        0  memseta.o(.text)
    .text                                    0x08006a68   Section        0  strstr.o(.text)
    .text                                    0x08006a8c   Section        0  strlen.o(.text)
    .text                                    0x08006a9a   Section        0  strcmp.o(.text)
    .text                                    0x08006ab6   Section        0  strcpy.o(.text)
    .text                                    0x08006ac8   Section        0  __0scanf.o(.text)
    .text                                    0x08006ae8   Section        0  _scanf_int.o(.text)
    .text                                    0x08006c34   Section        0  atoi.o(.text)
    .text                                    0x08006c4e   Section        0  fadd.o(.text)
    .text                                    0x08006cfe   Section        0  fdiv.o(.text)
    .text                                    0x08006d7a   Section        0  fflti.o(.text)
    .text                                    0x08006d8c   Section        0  ffltui.o(.text)
    .text                                    0x08006d96   Section        0  uidiv.o(.text)
    .text                                    0x08006dc2   Section        0  _chval.o(.text)
    .text                                    0x08006dde   Section        0  strtol.o(.text)
    .text                                    0x08006e50   Section        0  scanf_char_file.o(.text)
    .text                                    0x08006e64   Section        0  fepilogue.o(.text)
    .text                                    0x08006e64   Section        0  iusefp.o(.text)
    .text                                    0x08006ed4   Section       36  init.o(.text)
    .text                                    0x08006ef8   Section        0  fgetc_b.o(.text)
    .text                                    0x08006f24   Section        0  ctype_o.o(.text)
    .text                                    0x08006f2c   Section        0  isspace_o.o(.text)
    .text                                    0x08006f40   Section        0  scanf_char.o(.text)
    _scanf_char_input                        0x08006f41   Thumb Code    12  scanf_char.o(.text)
    .text                                    0x08006f68   Section        0  _strtoul.o(.text)
    .text                                    0x08007006   Section        0  semi.o(.text)
    .text                                    0x08007008   Section        0  _scanf.o(.text)
    .text                                    0x08007334   Section        0  __dczerorl2.o(.text)
    .text                                    0x08007334   Section        0  iusesemig.o(.text)
    i.__0printf$6                            0x0800738c   Section        0  printf6.o(i.__0printf$6)
    i.__0sprintf$6                           0x080073ac   Section        0  printf6.o(i.__0sprintf$6)
    i.__aeabi_errno_addr                     0x080073d4   Section        0  errno.o(i.__aeabi_errno_addr)
    i.__scatterload_copy                     0x080073dc   Section       14  handlers.o(i.__scatterload_copy)
    i.__scatterload_null                     0x080073ea   Section        2  handlers.o(i.__scatterload_null)
    i.__scatterload_zeroinit                 0x080073ec   Section       14  handlers.o(i.__scatterload_zeroinit)
    i._printf_core                           0x080073fc   Section        0  printf6.o(i._printf_core)
    _printf_core                             0x080073fd   Thumb Code   748  printf6.o(i._printf_core)
    i._printf_post_padding                   0x080076ec   Section        0  printf6.o(i._printf_post_padding)
    _printf_post_padding                     0x080076ed   Thumb Code    36  printf6.o(i._printf_post_padding)
    i._printf_pre_padding                    0x08007710   Section        0  printf6.o(i._printf_pre_padding)
    _printf_pre_padding                      0x08007711   Thumb Code    46  printf6.o(i._printf_pre_padding)
    i._sputc                                 0x0800773e   Section        0  printf6.o(i._sputc)
    _sputc                                   0x0800773f   Thumb Code    10  printf6.o(i._sputc)
    .constdata                               0x08007748   Section     9644  gui.o(.constdata)
    .constdata                               0x08009cf4   Section     3216  test.o(.constdata)
    .constdata                               0x0800a984   Section      184  algorithm.o(.constdata)
    .constdata                               0x0800aa3c   Section      814  bsp_calendar.o(.constdata)
    MonthDayMax                              0x0800ad5e   Data          12  bsp_calendar.o(.constdata)
    .constdata                               0x0800ad6c   Section       48  bsp_date.o(.constdata)
    .constdata                               0x0800ad9c   Section      129  ctype_o.o(.constdata)
    .constdata                               0x0800ae20   Section        4  ctype_o.o(.constdata)
    table                                    0x0800ae20   Data           4  ctype_o.o(.constdata)
    .conststring                             0x0800ae24   Section       55  test.o(.conststring)
    .conststring                             0x0800ae5c   Section       77  esp8266.o(.conststring)
    .conststring                             0x0800aeac   Section      335  bsp_calendar.o(.conststring)
    .conststring                             0x0800affc   Section      691  bsp_rtc.o(.conststring)
    .data                                    0x20000000   Section       20  system_stm32f10x.o(.data)
    .data                                    0x20000014   Section       20  stm32f10x_rcc.o(.data)
    APBAHBPrescTable                         0x20000014   Data          16  stm32f10x_rcc.o(.data)
    ADCPrescTable                            0x20000024   Data           4  stm32f10x_rcc.o(.data)
    .data                                    0x20000028   Section       24  main.o(.data)
    last_step_time                           0x20000028   Data           4  main.o(.data)
    measurement_active                       0x2000003f   Data           1  main.o(.data)
    .data                                    0x20000040   Section        6  lcd.o(.data)
    .data                                    0x20000046   Section       10  test.o(.data)
    .data                                    0x20000050   Section       32  esp8266.o(.data)
    .data                                    0x20000070   Section       12  adxl345.o(.data)
    last_step_time                           0x20000070   Data           4  adxl345.o(.data)
    step_cnt                                 0x20000074   Data           1  adxl345.o(.data)
    counter                                  0x20000078   Data           4  adxl345.o(.data)
    .data                                    0x2000007c   Section      248  bsp_calendar.o(.data)
    .data                                    0x20000174   Section       48  bsp_date.o(.data)
    month_days                               0x20000174   Data          48  bsp_date.o(.data)
    .data                                    0x200001a4   Section      188  bsp_rtc.o(.data)
    FirstDisplay                             0x2000025c   Data           4  bsp_rtc.o(.data)
    .data                                    0x20000260   Section        4  delay.o(.data)
    fac_us                                   0x20000260   Data           1  delay.o(.data)
    fac_ms                                   0x20000262   Data           2  delay.o(.data)
    .data                                    0x20000264   Section        4  stdin.o(.data)
    .data                                    0x20000268   Section        4  stdout.o(.data)
    .data                                    0x2000026c   Section        4  errno.o(.data)
    _errno                                   0x2000026c   Data           4  errno.o(.data)
    .data                                    0x20000270   Section        3  fgetc_b.o(.data)
    ungetc_sp                                0x20000270   Data           1  fgetc_b.o(.data)
    ungetc_stack                             0x20000271   Data           2  fgetc_b.o(.data)
    .bss                                     0x20000274   Section     5200  main.o(.bss)
    an_x                                     0x20000274   Data         600  main.o(.bss)
    an_y                                     0x200004cc   Data         600  main.o(.bss)
    .bss                                     0x200016c4   Section     2056  stm32f10x_it.o(.bss)
    .bss                                     0x20001ecc   Section       14  lcd.o(.bss)
    .bss                                     0x20001eda   Section     3024  esp8266.o(.bss)
    .bss                                     0x20002aac   Section     1200  algorithm.o(.bss)
    an_x                                     0x20002aac   Data         600  algorithm.o(.bss)
    an_y                                     0x20002d04   Data         600  algorithm.o(.bss)
    .bss                                     0x20002f5c   Section      284  bsp_rtc.o(.bss)
    display_buffer                           0x20002f78   Data         256  bsp_rtc.o(.bss)
    STACK                                    0x20003078   Section     4096  startup_stm32f10x_hd.o(STACK)

    Global Symbols

    Symbol Name                              Value     Ov Type        Size  Object(Section)

    BuildAttributes$$THM_ISAv4$P$D$K$B$S$PE$A:L22UL41UL21$X:L11$S22US41US21$IEEE1$IW$USESV6$~STKCKD$USESV7$~SHL$OTIME$ROPI$EBA8$MICROLIB$REQ8$PRES8$EABIv2 0x00000000   Number         0  anon$$obj.o ABSOLUTE
    __ARM_use_no_argv                        0x00000000   Number         0  main.o ABSOLUTE
    _printf_a                                0x00000000   Number         0  stubs.o ABSOLUTE
    _printf_c                                0x00000000   Number         0  stubs.o ABSOLUTE
    _printf_charcount                        0x00000000   Number         0  stubs.o ABSOLUTE
    _printf_d                                0x00000000   Number         0  stubs.o ABSOLUTE
    _printf_e                                0x00000000   Number         0  stubs.o ABSOLUTE
    _printf_f                                0x00000000   Number         0  stubs.o ABSOLUTE
    _printf_flags                            0x00000000   Number         0  stubs.o ABSOLUTE
    _printf_fp_dec                           0x00000000   Number         0  stubs.o ABSOLUTE
    _printf_fp_hex                           0x00000000   Number         0  stubs.o ABSOLUTE
    _printf_g                                0x00000000   Number         0  stubs.o ABSOLUTE
    _printf_i                                0x00000000   Number         0  stubs.o ABSOLUTE
    _printf_int_dec                          0x00000000   Number         0  stubs.o ABSOLUTE
    _printf_l                                0x00000000   Number         0  stubs.o ABSOLUTE
    _printf_lc                               0x00000000   Number         0  stubs.o ABSOLUTE
    _printf_ll                               0x00000000   Number         0  stubs.o ABSOLUTE
    _printf_lld                              0x00000000   Number         0  stubs.o ABSOLUTE
    _printf_lli                              0x00000000   Number         0  stubs.o ABSOLUTE
    _printf_llo                              0x00000000   Number         0  stubs.o ABSOLUTE
    _printf_llu                              0x00000000   Number         0  stubs.o ABSOLUTE
    _printf_llx                              0x00000000   Number         0  stubs.o ABSOLUTE
    _printf_longlong_dec                     0x00000000   Number         0  stubs.o ABSOLUTE
    _printf_longlong_hex                     0x00000000   Number         0  stubs.o ABSOLUTE
    _printf_longlong_oct                     0x00000000   Number         0  stubs.o ABSOLUTE
    _printf_ls                               0x00000000   Number         0  stubs.o ABSOLUTE
    _printf_mbtowc                           0x00000000   Number         0  stubs.o ABSOLUTE
    _printf_n                                0x00000000   Number         0  stubs.o ABSOLUTE
    _printf_o                                0x00000000   Number         0  stubs.o ABSOLUTE
    _printf_p                                0x00000000   Number         0  stubs.o ABSOLUTE
    _printf_percent                          0x00000000   Number         0  stubs.o ABSOLUTE
    _printf_pre_padding                      0x00000000   Number         0  stubs.o ABSOLUTE
    _printf_return_value                     0x00000000   Number         0  stubs.o ABSOLUTE
    _printf_s                                0x00000000   Number         0  stubs.o ABSOLUTE
    _printf_sizespec                         0x00000000   Number         0  stubs.o ABSOLUTE
    _printf_str                              0x00000000   Number         0  stubs.o ABSOLUTE
    _printf_truncate_signed                  0x00000000   Number         0  stubs.o ABSOLUTE
    _printf_truncate_unsigned                0x00000000   Number         0  stubs.o ABSOLUTE
    _printf_u                                0x00000000   Number         0  stubs.o ABSOLUTE
    _printf_wc                               0x00000000   Number         0  stubs.o ABSOLUTE
    _printf_wctomb                           0x00000000   Number         0  stubs.o ABSOLUTE
    _printf_widthprec                        0x00000000   Number         0  stubs.o ABSOLUTE
    _printf_x                                0x00000000   Number         0  stubs.o ABSOLUTE
    __cpp_initialize__aeabi_                  - Undefined Weak Reference
    __cxa_finalize                            - Undefined Weak Reference
    _clock_init                               - Undefined Weak Reference
    _microlib_exit                            - Undefined Weak Reference
    _scanf_longlong                           - Undefined Weak Reference
    _scanf_real                               - Undefined Weak Reference
    _scanf_string                             - Undefined Weak Reference
    __Vectors_Size                           0x00000130   Number         0  startup_stm32f10x_hd.o ABSOLUTE
    __Vectors                                0x08000000   Data           4  startup_stm32f10x_hd.o(RESET)
    __Vectors_End                            0x08000130   Data           0  startup_stm32f10x_hd.o(RESET)
    __main                                   0x08000131   Thumb Code     0  entry.o(.ARM.Collect$$$$00000000)
    _main_stk                                0x08000131   Thumb Code     0  entry2.o(.ARM.Collect$$$$00000001)
    _main_scatterload                        0x08000135   Thumb Code     0  entry5.o(.ARM.Collect$$$$00000004)
    __main_after_scatterload                 0x08000139   Thumb Code     0  entry5.o(.ARM.Collect$$$$00000004)
    _main_clock                              0x08000139   Thumb Code     0  entry7b.o(.ARM.Collect$$$$00000008)
    _main_cpp_init                           0x08000139   Thumb Code     0  entry8b.o(.ARM.Collect$$$$0000000A)
    _main_init                               0x08000139   Thumb Code     0  entry9a.o(.ARM.Collect$$$$0000000B)
    __rt_final_cpp                           0x08000141   Thumb Code     0  entry10a.o(.ARM.Collect$$$$0000000D)
    __rt_final_exit                          0x08000141   Thumb Code     0  entry11a.o(.ARM.Collect$$$$0000000F)
    Reset_Handler                            0x08000145   Thumb Code     8  startup_stm32f10x_hd.o(.text)
    ADC1_2_IRQHandler                        0x0800015f   Thumb Code     0  startup_stm32f10x_hd.o(.text)
    ADC3_IRQHandler                          0x0800015f   Thumb Code     0  startup_stm32f10x_hd.o(.text)
    CAN1_RX1_IRQHandler                      0x0800015f   Thumb Code     0  startup_stm32f10x_hd.o(.text)
    CAN1_SCE_IRQHandler                      0x0800015f   Thumb Code     0  startup_stm32f10x_hd.o(.text)
    DMA1_Channel1_IRQHandler                 0x0800015f   Thumb Code     0  startup_stm32f10x_hd.o(.text)
    DMA1_Channel2_IRQHandler                 0x0800015f   Thumb Code     0  startup_stm32f10x_hd.o(.text)
    DMA1_Channel3_IRQHandler                 0x0800015f   Thumb Code     0  startup_stm32f10x_hd.o(.text)
    DMA1_Channel4_IRQHandler                 0x0800015f   Thumb Code     0  startup_stm32f10x_hd.o(.text)
    DMA1_Channel5_IRQHandler                 0x0800015f   Thumb Code     0  startup_stm32f10x_hd.o(.text)
    DMA1_Channel6_IRQHandler                 0x0800015f   Thumb Code     0  startup_stm32f10x_hd.o(.text)
    DMA1_Channel7_IRQHandler                 0x0800015f   Thumb Code     0  startup_stm32f10x_hd.o(.text)
    DMA2_Channel1_IRQHandler                 0x0800015f   Thumb Code     0  startup_stm32f10x_hd.o(.text)
    DMA2_Channel2_IRQHandler                 0x0800015f   Thumb Code     0  startup_stm32f10x_hd.o(.text)
    DMA2_Channel3_IRQHandler                 0x0800015f   Thumb Code     0  startup_stm32f10x_hd.o(.text)
    DMA2_Channel4_5_IRQHandler               0x0800015f   Thumb Code     0  startup_stm32f10x_hd.o(.text)
    EXTI0_IRQHandler                         0x0800015f   Thumb Code     0  startup_stm32f10x_hd.o(.text)
    EXTI15_10_IRQHandler                     0x0800015f   Thumb Code     0  startup_stm32f10x_hd.o(.text)
    EXTI1_IRQHandler                         0x0800015f   Thumb Code     0  startup_stm32f10x_hd.o(.text)
    EXTI2_IRQHandler                         0x0800015f   Thumb Code     0  startup_stm32f10x_hd.o(.text)
    EXTI3_IRQHandler                         0x0800015f   Thumb Code     0  startup_stm32f10x_hd.o(.text)
    EXTI4_IRQHandler                         0x0800015f   Thumb Code     0  startup_stm32f10x_hd.o(.text)
    EXTI9_5_IRQHandler                       0x0800015f   Thumb Code     0  startup_stm32f10x_hd.o(.text)
    FLASH_IRQHandler                         0x0800015f   Thumb Code     0  startup_stm32f10x_hd.o(.text)
    FSMC_IRQHandler                          0x0800015f   Thumb Code     0  startup_stm32f10x_hd.o(.text)
    I2C1_ER_IRQHandler                       0x0800015f   Thumb Code     0  startup_stm32f10x_hd.o(.text)
    I2C1_EV_IRQHandler                       0x0800015f   Thumb Code     0  startup_stm32f10x_hd.o(.text)
    I2C2_ER_IRQHandler                       0x0800015f   Thumb Code     0  startup_stm32f10x_hd.o(.text)
    I2C2_EV_IRQHandler                       0x0800015f   Thumb Code     0  startup_stm32f10x_hd.o(.text)
    PVD_IRQHandler                           0x0800015f   Thumb Code     0  startup_stm32f10x_hd.o(.text)
    RCC_IRQHandler                           0x0800015f   Thumb Code     0  startup_stm32f10x_hd.o(.text)
    RTCAlarm_IRQHandler                      0x0800015f   Thumb Code     0  startup_stm32f10x_hd.o(.text)
    SDIO_IRQHandler                          0x0800015f   Thumb Code     0  startup_stm32f10x_hd.o(.text)
    SPI1_IRQHandler                          0x0800015f   Thumb Code     0  startup_stm32f10x_hd.o(.text)
    SPI2_IRQHandler                          0x0800015f   Thumb Code     0  startup_stm32f10x_hd.o(.text)
    SPI3_IRQHandler                          0x0800015f   Thumb Code     0  startup_stm32f10x_hd.o(.text)
    TAMPER_IRQHandler                        0x0800015f   Thumb Code     0  startup_stm32f10x_hd.o(.text)
    TIM1_BRK_IRQHandler                      0x0800015f   Thumb Code     0  startup_stm32f10x_hd.o(.text)
    TIM1_CC_IRQHandler                       0x0800015f   Thumb Code     0  startup_stm32f10x_hd.o(.text)
    TIM1_TRG_COM_IRQHandler                  0x0800015f   Thumb Code     0  startup_stm32f10x_hd.o(.text)
    TIM1_UP_IRQHandler                       0x0800015f   Thumb Code     0  startup_stm32f10x_hd.o(.text)
    TIM2_IRQHandler                          0x0800015f   Thumb Code     0  startup_stm32f10x_hd.o(.text)
    TIM3_IRQHandler                          0x0800015f   Thumb Code     0  startup_stm32f10x_hd.o(.text)
    TIM4_IRQHandler                          0x0800015f   Thumb Code     0  startup_stm32f10x_hd.o(.text)
    TIM5_IRQHandler                          0x0800015f   Thumb Code     0  startup_stm32f10x_hd.o(.text)
    TIM6_IRQHandler                          0x0800015f   Thumb Code     0  startup_stm32f10x_hd.o(.text)
    TIM7_IRQHandler                          0x0800015f   Thumb Code     0  startup_stm32f10x_hd.o(.text)
    TIM8_BRK_IRQHandler                      0x0800015f   Thumb Code     0  startup_stm32f10x_hd.o(.text)
    TIM8_CC_IRQHandler                       0x0800015f   Thumb Code     0  startup_stm32f10x_hd.o(.text)
    TIM8_TRG_COM_IRQHandler                  0x0800015f   Thumb Code     0  startup_stm32f10x_hd.o(.text)
    TIM8_UP_IRQHandler                       0x0800015f   Thumb Code     0  startup_stm32f10x_hd.o(.text)
    UART4_IRQHandler                         0x0800015f   Thumb Code     0  startup_stm32f10x_hd.o(.text)
    UART5_IRQHandler                         0x0800015f   Thumb Code     0  startup_stm32f10x_hd.o(.text)
    USBWakeUp_IRQHandler                     0x0800015f   Thumb Code     0  startup_stm32f10x_hd.o(.text)
    USB_HP_CAN1_TX_IRQHandler                0x0800015f   Thumb Code     0  startup_stm32f10x_hd.o(.text)
    USB_LP_CAN1_RX0_IRQHandler               0x0800015f   Thumb Code     0  startup_stm32f10x_hd.o(.text)
    WWDG_IRQHandler                          0x0800015f   Thumb Code     0  startup_stm32f10x_hd.o(.text)
    SystemInit                               0x08000247   Thumb Code    78  system_stm32f10x.o(.text)
    SystemCoreClockUpdate                    0x08000295   Thumb Code   142  system_stm32f10x.o(.text)
    NVIC_PriorityGroupConfig                 0x08000349   Thumb Code    10  misc.o(.text)
    NVIC_Init                                0x08000353   Thumb Code   100  misc.o(.text)
    NVIC_SetVectorTable                      0x080003b7   Thumb Code    14  misc.o(.text)
    NVIC_SystemLPConfig                      0x080003c5   Thumb Code    34  misc.o(.text)
    SysTick_CLKSourceConfig                  0x080003e7   Thumb Code    40  misc.o(.text)
    BKP_DeInit                               0x08000425   Thumb Code    16  stm32f10x_bkp.o(.text)
    BKP_TamperPinLevelConfig                 0x08000435   Thumb Code     6  stm32f10x_bkp.o(.text)
    BKP_TamperPinCmd                         0x0800043b   Thumb Code     8  stm32f10x_bkp.o(.text)
    BKP_ITConfig                             0x08000443   Thumb Code     8  stm32f10x_bkp.o(.text)
    BKP_RTCOutputConfig                      0x0800044b   Thumb Code    22  stm32f10x_bkp.o(.text)
    BKP_SetRTCCalibrationValue               0x08000461   Thumb Code    22  stm32f10x_bkp.o(.text)
    BKP_WriteBackupRegister                  0x08000477   Thumb Code    24  stm32f10x_bkp.o(.text)
    BKP_ReadBackupRegister                   0x0800048f   Thumb Code    26  stm32f10x_bkp.o(.text)
    BKP_GetFlagStatus                        0x080004a9   Thumb Code    10  stm32f10x_bkp.o(.text)
    BKP_ClearFlag                            0x080004b3   Thumb Code    18  stm32f10x_bkp.o(.text)
    BKP_GetITStatus                          0x080004c5   Thumb Code    10  stm32f10x_bkp.o(.text)
    BKP_ClearITPendingBit                    0x080004cf   Thumb Code    18  stm32f10x_bkp.o(.text)
    GPIO_DeInit                              0x080004e9   Thumb Code   172  stm32f10x_gpio.o(.text)
    GPIO_AFIODeInit                          0x08000595   Thumb Code    20  stm32f10x_gpio.o(.text)
    GPIO_Init                                0x080005a9   Thumb Code   278  stm32f10x_gpio.o(.text)
    GPIO_StructInit                          0x080006bf   Thumb Code    16  stm32f10x_gpio.o(.text)
    GPIO_ReadInputDataBit                    0x080006cf   Thumb Code    18  stm32f10x_gpio.o(.text)
    GPIO_ReadInputData                       0x080006e1   Thumb Code     8  stm32f10x_gpio.o(.text)
    GPIO_ReadOutputDataBit                   0x080006e9   Thumb Code    18  stm32f10x_gpio.o(.text)
    GPIO_ReadOutputData                      0x080006fb   Thumb Code     8  stm32f10x_gpio.o(.text)
    GPIO_SetBits                             0x08000703   Thumb Code     4  stm32f10x_gpio.o(.text)
    GPIO_ResetBits                           0x08000707   Thumb Code     4  stm32f10x_gpio.o(.text)
    GPIO_WriteBit                            0x0800070b   Thumb Code    10  stm32f10x_gpio.o(.text)
    GPIO_Write                               0x08000715   Thumb Code     4  stm32f10x_gpio.o(.text)
    GPIO_PinLockConfig                       0x08000719   Thumb Code    18  stm32f10x_gpio.o(.text)
    GPIO_EventOutputConfig                   0x0800072b   Thumb Code    26  stm32f10x_gpio.o(.text)
    GPIO_EventOutputCmd                      0x08000745   Thumb Code     6  stm32f10x_gpio.o(.text)
    GPIO_PinRemapConfig                      0x0800074b   Thumb Code   138  stm32f10x_gpio.o(.text)
    GPIO_EXTILineConfig                      0x080007d5   Thumb Code    66  stm32f10x_gpio.o(.text)
    GPIO_ETH_MediaInterfaceConfig            0x08000817   Thumb Code     8  stm32f10x_gpio.o(.text)
    PWR_DeInit                               0x08000845   Thumb Code    22  stm32f10x_pwr.o(.text)
    PWR_BackupAccessCmd                      0x0800085b   Thumb Code     6  stm32f10x_pwr.o(.text)
    PWR_PVDCmd                               0x08000861   Thumb Code     6  stm32f10x_pwr.o(.text)
    PWR_PVDLevelConfig                       0x08000867   Thumb Code    18  stm32f10x_pwr.o(.text)
    PWR_WakeUpPinCmd                         0x08000879   Thumb Code     8  stm32f10x_pwr.o(.text)
    PWR_EnterSTOPMode                        0x08000881   Thumb Code    54  stm32f10x_pwr.o(.text)
    PWR_EnterSTANDBYMode                     0x080008b7   Thumb Code    42  stm32f10x_pwr.o(.text)
    PWR_GetFlagStatus                        0x080008e1   Thumb Code    20  stm32f10x_pwr.o(.text)
    PWR_ClearFlag                            0x080008f5   Thumb Code    14  stm32f10x_pwr.o(.text)
    RCC_DeInit                               0x08000911   Thumb Code    64  stm32f10x_rcc.o(.text)
    RCC_HSEConfig                            0x08000951   Thumb Code    70  stm32f10x_rcc.o(.text)
    RCC_GetFlagStatus                        0x08000997   Thumb Code    56  stm32f10x_rcc.o(.text)
    RCC_WaitForHSEStartUp                    0x080009cf   Thumb Code    56  stm32f10x_rcc.o(.text)
    RCC_AdjustHSICalibrationValue            0x08000a07   Thumb Code    20  stm32f10x_rcc.o(.text)
    RCC_HSICmd                               0x08000a1b   Thumb Code     6  stm32f10x_rcc.o(.text)
    RCC_PLLConfig                            0x08000a21   Thumb Code    24  stm32f10x_rcc.o(.text)
    RCC_PLLCmd                               0x08000a39   Thumb Code     6  stm32f10x_rcc.o(.text)
    RCC_SYSCLKConfig                         0x08000a3f   Thumb Code    18  stm32f10x_rcc.o(.text)
    RCC_GetSYSCLKSource                      0x08000a51   Thumb Code    10  stm32f10x_rcc.o(.text)
    RCC_HCLKConfig                           0x08000a5b   Thumb Code    18  stm32f10x_rcc.o(.text)
    RCC_PCLK1Config                          0x08000a6d   Thumb Code    18  stm32f10x_rcc.o(.text)
    RCC_PCLK2Config                          0x08000a7f   Thumb Code    20  stm32f10x_rcc.o(.text)
    RCC_ITConfig                             0x08000a93   Thumb Code    26  stm32f10x_rcc.o(.text)
    RCC_USBCLKConfig                         0x08000aad   Thumb Code     8  stm32f10x_rcc.o(.text)
    RCC_ADCCLKConfig                         0x08000ab5   Thumb Code    18  stm32f10x_rcc.o(.text)
    RCC_LSEConfig                            0x08000ac7   Thumb Code    50  stm32f10x_rcc.o(.text)
    RCC_LSICmd                               0x08000af9   Thumb Code     6  stm32f10x_rcc.o(.text)
    RCC_RTCCLKConfig                         0x08000aff   Thumb Code    12  stm32f10x_rcc.o(.text)
    RCC_RTCCLKCmd                            0x08000b0b   Thumb Code     8  stm32f10x_rcc.o(.text)
    RCC_GetClocksFreq                        0x08000b13   Thumb Code   192  stm32f10x_rcc.o(.text)
    RCC_AHBPeriphClockCmd                    0x08000bd3   Thumb Code    26  stm32f10x_rcc.o(.text)
    RCC_APB2PeriphClockCmd                   0x08000bed   Thumb Code    26  stm32f10x_rcc.o(.text)
    RCC_APB1PeriphClockCmd                   0x08000c07   Thumb Code    26  stm32f10x_rcc.o(.text)
    RCC_APB2PeriphResetCmd                   0x08000c21   Thumb Code    26  stm32f10x_rcc.o(.text)
    RCC_APB1PeriphResetCmd                   0x08000c3b   Thumb Code    26  stm32f10x_rcc.o(.text)
    RCC_BackupResetCmd                       0x08000c55   Thumb Code     8  stm32f10x_rcc.o(.text)
    RCC_ClockSecuritySystemCmd               0x08000c5d   Thumb Code     6  stm32f10x_rcc.o(.text)
    RCC_MCOConfig                            0x08000c63   Thumb Code     6  stm32f10x_rcc.o(.text)
    RCC_ClearFlag                            0x08000c69   Thumb Code    14  stm32f10x_rcc.o(.text)
    RCC_GetITStatus                          0x08000c77   Thumb Code    20  stm32f10x_rcc.o(.text)
    RCC_ClearITPendingBit                    0x08000c8b   Thumb Code     6  stm32f10x_rcc.o(.text)
    RTC_ITConfig                             0x08000cb5   Thumb Code    26  stm32f10x_rtc.o(.text)
    RTC_EnterConfigMode                      0x08000ccf   Thumb Code    18  stm32f10x_rtc.o(.text)
    RTC_ExitConfigMode                       0x08000ce1   Thumb Code    20  stm32f10x_rtc.o(.text)
    RTC_GetCounter                           0x08000cf5   Thumb Code    18  stm32f10x_rtc.o(.text)
    RTC_SetCounter                           0x08000d07   Thumb Code    26  stm32f10x_rtc.o(.text)
    RTC_SetPrescaler                         0x08000d21   Thumb Code    28  stm32f10x_rtc.o(.text)
    RTC_SetAlarm                             0x08000d3d   Thumb Code    26  stm32f10x_rtc.o(.text)
    RTC_GetDivider                           0x08000d57   Thumb Code    22  stm32f10x_rtc.o(.text)
    RTC_WaitForLastTask                      0x08000d6d   Thumb Code    18  stm32f10x_rtc.o(.text)
    RTC_WaitForSynchro                       0x08000d7f   Thumb Code    36  stm32f10x_rtc.o(.text)
    RTC_GetFlagStatus                        0x08000da3   Thumb Code    22  stm32f10x_rtc.o(.text)
    RTC_ClearFlag                            0x08000db9   Thumb Code    16  stm32f10x_rtc.o(.text)
    RTC_GetITStatus                          0x08000dc9   Thumb Code    32  stm32f10x_rtc.o(.text)
    RTC_ClearITPendingBit                    0x08000de9   Thumb Code    16  stm32f10x_rtc.o(.text)
    SPI_I2S_DeInit                           0x08000dfd   Thumb Code    76  stm32f10x_spi.o(.text)
    SPI_Init                                 0x08000e49   Thumb Code    60  stm32f10x_spi.o(.text)
    I2S_Init                                 0x08000e85   Thumb Code   226  stm32f10x_spi.o(.text)
    SPI_StructInit                           0x08000f67   Thumb Code    24  stm32f10x_spi.o(.text)
    I2S_StructInit                           0x08000f7f   Thumb Code    20  stm32f10x_spi.o(.text)
    SPI_Cmd                                  0x08000f93   Thumb Code    24  stm32f10x_spi.o(.text)
    I2S_Cmd                                  0x08000fab   Thumb Code    24  stm32f10x_spi.o(.text)
    SPI_I2S_ITConfig                         0x08000fc3   Thumb Code    32  stm32f10x_spi.o(.text)
    SPI_I2S_DMACmd                           0x08000fe3   Thumb Code    18  stm32f10x_spi.o(.text)
    SPI_I2S_SendData                         0x08000ff5   Thumb Code     4  stm32f10x_spi.o(.text)
    SPI_I2S_ReceiveData                      0x08000ff9   Thumb Code     6  stm32f10x_spi.o(.text)
    SPI_NSSInternalSoftwareConfig            0x08000fff   Thumb Code    30  stm32f10x_spi.o(.text)
    SPI_SSOutputCmd                          0x0800101d   Thumb Code    24  stm32f10x_spi.o(.text)
    SPI_DataSizeConfig                       0x08001035   Thumb Code    18  stm32f10x_spi.o(.text)
    SPI_TransmitCRC                          0x08001047   Thumb Code    10  stm32f10x_spi.o(.text)
    SPI_CalculateCRC                         0x08001051   Thumb Code    24  stm32f10x_spi.o(.text)
    SPI_GetCRC                               0x08001069   Thumb Code    16  stm32f10x_spi.o(.text)
    SPI_GetCRCPolynomial                     0x08001079   Thumb Code     6  stm32f10x_spi.o(.text)
    SPI_BiDirectionalLineConfig              0x0800107f   Thumb Code    28  stm32f10x_spi.o(.text)
    SPI_I2S_GetFlagStatus                    0x0800109b   Thumb Code    18  stm32f10x_spi.o(.text)
    SPI_I2S_ClearFlag                        0x080010ad   Thumb Code     6  stm32f10x_spi.o(.text)
    SPI_I2S_GetITStatus                      0x080010b3   Thumb Code    52  stm32f10x_spi.o(.text)
    SPI_I2S_ClearITPendingBit                0x080010e7   Thumb Code    20  stm32f10x_spi.o(.text)
    USART_DeInit                             0x08001109   Thumb Code   134  stm32f10x_usart.o(.text)
    USART_Init                               0x0800118f   Thumb Code   210  stm32f10x_usart.o(.text)
    USART_StructInit                         0x08001261   Thumb Code    24  stm32f10x_usart.o(.text)
    USART_ClockInit                          0x08001279   Thumb Code    34  stm32f10x_usart.o(.text)
    USART_ClockStructInit                    0x0800129b   Thumb Code    12  stm32f10x_usart.o(.text)
    USART_Cmd                                0x080012a7   Thumb Code    24  stm32f10x_usart.o(.text)
    USART_ITConfig                           0x080012bf   Thumb Code    74  stm32f10x_usart.o(.text)
    USART_DMACmd                             0x08001309   Thumb Code    18  stm32f10x_usart.o(.text)
    USART_SetAddress                         0x0800131b   Thumb Code    18  stm32f10x_usart.o(.text)
    USART_WakeUpConfig                       0x0800132d   Thumb Code    18  stm32f10x_usart.o(.text)
    USART_ReceiverWakeUpCmd                  0x0800133f   Thumb Code    24  stm32f10x_usart.o(.text)
    USART_LINBreakDetectLengthConfig         0x08001357   Thumb Code    18  stm32f10x_usart.o(.text)
    USART_LINCmd                             0x08001369   Thumb Code    24  stm32f10x_usart.o(.text)
    USART_SendData                           0x08001381   Thumb Code     8  stm32f10x_usart.o(.text)
    USART_ReceiveData                        0x08001389   Thumb Code    10  stm32f10x_usart.o(.text)
    USART_SendBreak                          0x08001393   Thumb Code    10  stm32f10x_usart.o(.text)
    USART_SetGuardTime                       0x0800139d   Thumb Code    16  stm32f10x_usart.o(.text)
    USART_SetPrescaler                       0x080013ad   Thumb Code    16  stm32f10x_usart.o(.text)
    USART_SmartCardCmd                       0x080013bd   Thumb Code    24  stm32f10x_usart.o(.text)
    USART_SmartCardNACKCmd                   0x080013d5   Thumb Code    24  stm32f10x_usart.o(.text)
    USART_HalfDuplexCmd                      0x080013ed   Thumb Code    24  stm32f10x_usart.o(.text)
    USART_OverSampling8Cmd                   0x08001405   Thumb Code    22  stm32f10x_usart.o(.text)
    USART_OneBitMethodCmd                    0x0800141b   Thumb Code    24  stm32f10x_usart.o(.text)
    USART_IrDAConfig                         0x08001433   Thumb Code    18  stm32f10x_usart.o(.text)
    USART_IrDACmd                            0x08001445   Thumb Code    24  stm32f10x_usart.o(.text)
    USART_GetFlagStatus                      0x0800145d   Thumb Code    26  stm32f10x_usart.o(.text)
    USART_ClearFlag                          0x08001477   Thumb Code    18  stm32f10x_usart.o(.text)
    USART_GetITStatus                        0x08001489   Thumb Code    84  stm32f10x_usart.o(.text)
    USART_ClearITPendingBit                  0x080014dd   Thumb Code    52  stm32f10x_usart.o(.text)
    max30102_init_and_reset                  0x08001511   Thumb Code    22  main.o(.text)
    start_max30102_measurement               0x08001527   Thumb Code    26  main.o(.text)
    stop_max30102_measurement                0x08001541   Thumb Code    22  main.o(.text)
    step                                     0x08001557   Thumb Code    26  main.o(.text)
    max30102_display_data                    0x08001571   Thumb Code   120  main.o(.text)
    max30102_collect_data                    0x080015e9   Thumb Code   104  main.o(.text)
    ATCMD_Test                               0x08001651   Thumb Code   124  main.o(.text)
    start_init                               0x080016cd   Thumb Code    50  main.o(.text)
    main                                     0x080016ff   Thumb Code   452  main.o(.text)
    meau                                     0x080018c3   Thumb Code   590  main.o(.text)
    NMI_Handler                              0x08001b35   Thumb Code     2  stm32f10x_it.o(.text)
    HardFault_Handler                        0x08001b37   Thumb Code     4  stm32f10x_it.o(.text)
    MemManage_Handler                        0x08001b3b   Thumb Code     4  stm32f10x_it.o(.text)
    BusFault_Handler                         0x08001b3f   Thumb Code     4  stm32f10x_it.o(.text)
    UsageFault_Handler                       0x08001b43   Thumb Code     4  stm32f10x_it.o(.text)
    SVC_Handler                              0x08001b47   Thumb Code     2  stm32f10x_it.o(.text)
    DebugMon_Handler                         0x08001b49   Thumb Code     2  stm32f10x_it.o(.text)
    PendSV_Handler                           0x08001b4b   Thumb Code     2  stm32f10x_it.o(.text)
    SysTick_Handler                          0x08001b4d   Thumb Code     2  stm32f10x_it.o(.text)
    USART1_IRQHandler                        0x08001b4f   Thumb Code    86  stm32f10x_it.o(.text)
    USART2_IRQHandler                        0x08001ba5   Thumb Code    86  stm32f10x_it.o(.text)
    Key_GPIO_Config                          0x08001c0d   Thumb Code    54  bsp_key.o(.text)
    Key_Scan                                 0x08001c43   Thumb Code    40  bsp_key.o(.text)
    USART_Config                             0x08001c9b   Thumb Code   148  bsp_usart.o(.text)
    Usart_SendByte                           0x08001d2f   Thumb Code    30  bsp_usart.o(.text)
    Usart_SendHalfWord                       0x08001d4d   Thumb Code    60  bsp_usart.o(.text)
    Usart_SendArray                          0x08001d89   Thumb Code    48  bsp_usart.o(.text)
    Usart_SendString                         0x08001db9   Thumb Code    44  bsp_usart.o(.text)
    fputc                                    0x08001de5   Thumb Code    32  bsp_usart.o(.text)
    fgetc                                    0x08001e05   Thumb Code    26  bsp_usart.o(.text)
    BLT_USART_Config                         0x08001e4f   Thumb Code   152  bsp_usart_blt.o(.text)
    Usart_SendStr_length                     0x08001f05   Thumb Code    32  bsp_usart_blt.o(.text)
    get_rebuff                               0x08001f25   Thumb Code    14  bsp_usart_blt.o(.text)
    clean_rebuff                             0x08001f33   Thumb Code    36  bsp_usart_blt.o(.text)
    GUI_DrawPoint                            0x08001f65   Thumb Code    24  gui.o(.text)
    LCD_Fill                                 0x08001f7d   Thumb Code   110  gui.o(.text)
    LCD_DrawLine                             0x08001feb   Thumb Code   176  gui.o(.text)
    LCD_DrawRectangle                        0x0800209b   Thumb Code    64  gui.o(.text)
    LCD_DrawFillRectangle                    0x080020db   Thumb Code    30  gui.o(.text)
    _draw_circle_8                           0x080020f9   Thumb Code   132  gui.o(.text)
    gui_circle                               0x0800217d   Thumb Code   154  gui.o(.text)
    Draw_Triangel                            0x08002217   Thumb Code    56  gui.o(.text)
    Fill_Triangel                            0x08002259   Thumb Code   532  gui.o(.text)
    LCD_ShowChar                             0x0800246d   Thumb Code   318  gui.o(.text)
    LCD_ShowString                           0x080025ab   Thumb Code    94  gui.o(.text)
    mypow                                    0x08002609   Thumb Code    22  gui.o(.text)
    LCD_ShowNum                              0x0800261f   Thumb Code   168  gui.o(.text)
    GUI_DrawFont16                           0x080026c7   Thumb Code   282  gui.o(.text)
    GUI_DrawFont24                           0x080027e1   Thumb Code   268  gui.o(.text)
    GUI_DrawFont32                           0x080028ed   Thumb Code   252  gui.o(.text)
    Show_Str                                 0x080029e9   Thumb Code   264  gui.o(.text)
    Gui_StrCenter                            0x08002af1   Thumb Code   112  gui.o(.text)
    Gui_Drawbmp16                            0x08002b61   Thumb Code   100  gui.o(.text)
    LCD_WR_REG                               0x08002bd5   Thumb Code    36  lcd.o(.text)
    LCD_WR_DATA                              0x08002bf9   Thumb Code    38  lcd.o(.text)
    LCD_WriteReg                             0x08002c1f   Thumb Code    20  lcd.o(.text)
    LCD_WriteRAM_Prepare                     0x08002c33   Thumb Code    12  lcd.o(.text)
    Lcd_WriteData_16Bit                      0x08002c3f   Thumb Code    46  lcd.o(.text)
    LCD_SetWindows                           0x08002c6d   Thumb Code    84  lcd.o(.text)
    LCD_SetCursor                            0x08002cc1   Thumb Code    20  lcd.o(.text)
    LCD_DrawPoint                            0x08002cd5   Thumb Code    24  lcd.o(.text)
    LCD_Clear                                0x08002ced   Thumb Code    98  lcd.o(.text)
    LCD_GPIOInit                             0x08002d4f   Thumb Code    54  lcd.o(.text)
    LCD_RESET                                0x08002d85   Thumb Code    34  lcd.o(.text)
    LCD_direction                            0x08002da7   Thumb Code   112  lcd.o(.text)
    LCD_Init                                 0x08002e17   Thumb Code  1158  lcd.o(.text)
    DrawTestPage                             0x0800329d   Thumb Code    28  test.o(.text)
    Display_ButtonUp                         0x080032b9   Thumb Code   138  test.o(.text)
    menu_test                                0x08003343   Thumb Code   302  test.o(.text)
    main_test                                0x08003471   Thumb Code    26  test.o(.text)
    Test_Color                               0x0800348b   Thumb Code   324  test.o(.text)
    Test_FillRec                             0x080035cf   Thumb Code   556  test.o(.text)
    Test_Circle                              0x080037fb   Thumb Code   224  test.o(.text)
    English_Font_test                        0x080038db   Thumb Code   174  test.o(.text)
    Test_Triangle                            0x08003989   Thumb Code   684  test.o(.text)
    Chinese_Font_test                        0x08003c35   Thumb Code    98  test.o(.text)
    Pic_test                                 0x08003c97   Thumb Code   146  test.o(.text)
    Rotate_Test                              0x08003d29   Thumb Code   114  test.o(.text)
    SPI_WriteByte                            0x08003ded   Thumb Code    34  spi.o(.text)
    SPI_SetSpeed                             0x08003e0f   Thumb Code    38  spi.o(.text)
    SPI2_Init                                0x08003e35   Thumb Code   122  spi.o(.text)
    USART3_Config                            0x08003eb9   Thumb Code   162  esp8266.o(.text)
    ESP8266_init                             0x08003f5b   Thumb Code    78  esp8266.o(.text)
    ESP8266_Test                             0x08003fa9   Thumb Code    46  esp8266.o(.text)
    WIFI_Config                              0x08003fd7   Thumb Code    12  esp8266.o(.text)
    ESP8266_Clear                            0x08003fe3   Thumb Code    20  esp8266.o(.text)
    ESP8266_WaitRecive                       0x08003ff7   Thumb Code    42  esp8266.o(.text)
    ESP8266_SendCmd                          0x08004021   Thumb Code    62  esp8266.o(.text)
    ESP8266_Init                             0x0800405f   Thumb Code   178  esp8266.o(.text)
    ESP8266_GetIPD_GET                       0x08004111   Thumb Code    44  esp8266.o(.text)
    ESP8266_SendData                         0x0800413d   Thumb Code    54  esp8266.o(.text)
    Get_current_time                         0x08004173   Thumb Code   106  esp8266.o(.text)
    Get_Times                                0x080041dd   Thumb Code    70  esp8266.o(.text)
    Get_Year                                 0x08004223   Thumb Code    48  esp8266.o(.text)
    Get_Moonth                               0x08004253   Thumb Code    20  esp8266.o(.text)
    Get_Day                                  0x08004267   Thumb Code    20  esp8266.o(.text)
    cJSON_Time_Parse                         0x0800427b   Thumb Code   888  esp8266.o(.text)
    USART3_IRQHandler                        0x080045f3   Thumb Code    80  esp8266.o(.text)
    ADXL345_IIC_SDA_OUT                      0x0800468d   Thumb Code    30  adxl345.o(.text)
    ADXL345_IIC_SDA_IN                       0x080046ab   Thumb Code    30  adxl345.o(.text)
    ADXL345_IIC_Init                         0x080046c9   Thumb Code    68  adxl345.o(.text)
    ADXL345_IIC_Start                        0x0800470d   Thumb Code    46  adxl345.o(.text)
    ADXL345_IIC_Stop                         0x0800473b   Thumb Code    48  adxl345.o(.text)
    ADXL345_IIC_Ack                          0x0800476b   Thumb Code    52  adxl345.o(.text)
    ADXL345_IIC_NAck                         0x0800479f   Thumb Code    52  adxl345.o(.text)
    ADXL345_IIC_Wait_Ack                     0x080047d3   Thumb Code    68  adxl345.o(.text)
    ADXL345_IIC_Send_Byte                    0x08004817   Thumb Code    70  adxl345.o(.text)
    ADXL345_IIC_Read_Byte                    0x0800485d   Thumb Code    84  adxl345.o(.text)
    adxl345_write_reg                        0x080048b1   Thumb Code    46  adxl345.o(.text)
    ADXL345_Full_Init                        0x080048df   Thumb Code    64  adxl345.o(.text)
    adxl345_read_reg                         0x0800491f   Thumb Code    66  adxl345.o(.text)
    adxl345_read_data                        0x08004961   Thumb Code   142  adxl345.o(.text)
    adxl345_read_average                     0x080049ef   Thumb Code   182  adxl345.o(.text)
    filter_calculate                         0x08004aa5   Thumb Code   152  adxl345.o(.text)
    peak_update                              0x08004b3d   Thumb Code   228  adxl345.o(.text)
    slid_update                              0x08004c21   Thumb Code   146  adxl345.o(.text)
    is_most_active                           0x08004cb3   Thumb Code   122  adxl345.o(.text)
    detect_step                              0x08004d2d   Thumb Code   370  adxl345.o(.text)
    maxim_sort_ascend                        0x08004ead   Thumb Code    54  algorithm.o(.text)
    maxim_sort_indices_descend               0x08004ee3   Thumb Code    64  algorithm.o(.text)
    maxim_remove_close_peaks                 0x08004f23   Thumb Code   114  algorithm.o(.text)
    maxim_peaks_above_min_height             0x08004f95   Thumb Code   170  algorithm.o(.text)
    maxim_find_peaks                         0x0800503f   Thumb Code    66  algorithm.o(.text)
    maxim_heart_rate_and_oxygen_saturation   0x08005081   Thumb Code   842  algorithm.o(.text)
    maxim_max30102_write_reg                 0x080053dd   Thumb Code    68  max30102.o(.text)
    maxim_max30102_read_reg                  0x08005421   Thumb Code    84  max30102.o(.text)
    max30102_init                            0x08005475   Thumb Code   188  max30102.o(.text)
    maxim_max30102_read_fifo                 0x08005531   Thumb Code   224  max30102.o(.text)
    maxim_max30102_reset                     0x08005611   Thumb Code    20  max30102.o(.text)
    GetMoonDay                               0x08005629   Thumb Code   282  bsp_calendar.o(.text)
    GetChinaCalendar                         0x08005743   Thumb Code   506  bsp_calendar.o(.text)
    GetSkyEarth                              0x0800593d   Thumb Code    56  bsp_calendar.o(.text)
    StrCopy                                  0x08005975   Thumb Code    24  bsp_calendar.o(.text)
    GetChinaCalendarStr                      0x0800598d   Thumb Code   296  bsp_calendar.o(.text)
    GetJieQi                                 0x08005ab5   Thumb Code   158  bsp_calendar.o(.text)
    GetJieQiStr                              0x08005b53   Thumb Code   300  bsp_calendar.o(.text)
    GregorianDay                             0x08005cad   Thumb Code   146  bsp_date.o(.text)
    mktimev                                  0x08005d3f   Thumb Code   120  bsp_date.o(.text)
    to_tm                                    0x08005db7   Thumb Code   194  bsp_date.o(.text)
    RTC_NVIC_Config                          0x08005e89   Thumb Code    42  bsp_rtc.o(.text)
    RTC_Configuration                        0x08005eb3   Thumb Code    88  bsp_rtc.o(.text)
    Time_Adjust                              0x08005f0b   Thumb Code    40  bsp_rtc.o(.text)
    RTC_CheckAndConfig                       0x08005f33   Thumb Code   140  bsp_rtc.o(.text)
    Time_Regulate_Get                        0x08005fbf   Thumb Code   452  bsp_rtc.o(.text)
    Time_Display                             0x08006183   Thumb Code   914  bsp_rtc.o(.text)
    Time_Show                                0x08006515   Thumb Code    36  bsp_rtc.o(.text)
    RTC_IRQHandler                           0x08006539   Thumb Code    24  bsp_rtc.o(.text)
    gettime                                  0x08006551   Thumb Code   114  bsp_rtc.o(.text)
    delay_init                               0x0800661d   Thumb Code    52  delay.o(.text)
    delay_ms                                 0x08006651   Thumb Code    56  delay.o(.text)
    delay_us                                 0x08006689   Thumb Code    56  delay.o(.text)
    IIC_Init                                 0x080066c9   Thumb Code    50  iic.o(.text)
    IIC_Start                                0x080066fb   Thumb Code    68  iic.o(.text)
    IIC_Stop                                 0x0800673f   Thumb Code    62  iic.o(.text)
    IIC_Wait_Ack                             0x0800677d   Thumb Code    86  iic.o(.text)
    IIC_Ack                                  0x080067d3   Thumb Code    66  iic.o(.text)
    IIC_NAck                                 0x08006815   Thumb Code    66  iic.o(.text)
    IIC_Send_Byte                            0x08006857   Thumb Code    90  iic.o(.text)
    IIC_Read_Byte                            0x080068b1   Thumb Code    86  iic.o(.text)
    IIC_WriteBytes                           0x08006907   Thumb Code    60  iic.o(.text)
    IIC_ReadBytes                            0x08006943   Thumb Code    94  iic.o(.text)
    IIC_Read_One_Byte                        0x080069a1   Thumb Code    62  iic.o(.text)
    IIC_Write_One_Byte                       0x080069df   Thumb Code    54  iic.o(.text)
    __aeabi_memcpy                           0x08006a21   Thumb Code    36  memcpya.o(.text)
    __aeabi_memcpy4                          0x08006a21   Thumb Code     0  memcpya.o(.text)
    __aeabi_memcpy8                          0x08006a21   Thumb Code     0  memcpya.o(.text)
    __aeabi_memset                           0x08006a45   Thumb Code    14  memseta.o(.text)
    __aeabi_memset4                          0x08006a45   Thumb Code     0  memseta.o(.text)
    __aeabi_memset8                          0x08006a45   Thumb Code     0  memseta.o(.text)
    __aeabi_memclr                           0x08006a53   Thumb Code     4  memseta.o(.text)
    __aeabi_memclr4                          0x08006a53   Thumb Code     0  memseta.o(.text)
    __aeabi_memclr8                          0x08006a53   Thumb Code     0  memseta.o(.text)
    _memset$wrapper                          0x08006a57   Thumb Code    18  memseta.o(.text)
    strstr                                   0x08006a69   Thumb Code    36  strstr.o(.text)
    strlen                                   0x08006a8d   Thumb Code    14  strlen.o(.text)
    strcmp                                   0x08006a9b   Thumb Code    28  strcmp.o(.text)
    strcpy                                   0x08006ab7   Thumb Code    18  strcpy.o(.text)
    __0scanf                                 0x08006ac9   Thumb Code    26  __0scanf.o(.text)
    _scanf_int                               0x08006ae9   Thumb Code   332  _scanf_int.o(.text)
    atoi                                     0x08006c35   Thumb Code    26  atoi.o(.text)
    __aeabi_fadd                             0x08006c4f   Thumb Code   164  fadd.o(.text)
    __aeabi_fsub                             0x08006cf3   Thumb Code     6  fadd.o(.text)
    __aeabi_frsub                            0x08006cf9   Thumb Code     6  fadd.o(.text)
    __aeabi_fdiv                             0x08006cff   Thumb Code   124  fdiv.o(.text)
    __aeabi_i2f                              0x08006d7b   Thumb Code    18  fflti.o(.text)
    __aeabi_ui2f                             0x08006d8d   Thumb Code    10  ffltui.o(.text)
    __aeabi_uidiv                            0x08006d97   Thumb Code     0  uidiv.o(.text)
    __aeabi_uidivmod                         0x08006d97   Thumb Code    44  uidiv.o(.text)
    _chval                                   0x08006dc3   Thumb Code    28  _chval.o(.text)
    strtol                                   0x08006ddf   Thumb Code   112  strtol.o(.text)
    __vfscanf_char_file                      0x08006e51   Thumb Code    12  scanf_char_file.o(.text)
    __I$use$fp                               0x08006e65   Thumb Code     0  iusefp.o(.text)
    _float_round                             0x08006e65   Thumb Code    18  fepilogue.o(.text)
    _float_epilogue                          0x08006e77   Thumb Code    92  fepilogue.o(.text)
    __scatterload                            0x08006ed5   Thumb Code    28  init.o(.text)
    __scatterload_rt2                        0x08006ed5   Thumb Code     0  init.o(.text)
    _fgetc$bs                                0x08006ef9   Thumb Code    28  fgetc_b.o(.text)
    __backspace                              0x08006f15   Thumb Code    10  fgetc_b.o(.text)
    __rt_ctype_table                         0x08006f25   Thumb Code     4  ctype_o.o(.text)
    isspace                                  0x08006f2d   Thumb Code    18  isspace_o.o(.text)
    __vfscanf_char                           0x08006f4d   Thumb Code    20  scanf_char.o(.text)
    _strtoul                                 0x08006f69   Thumb Code   158  _strtoul.o(.text)
    __semihosting_library_function           0x08007007   Thumb Code     0  semi.o(.text)
    __vfscanf                                0x08007009   Thumb Code   808  _scanf.o(.text)
    __I$use$semihosting$fgetc                0x08007335   Thumb Code     0  iusesemig.o(.text)
    __decompress                             0x08007335   Thumb Code     0  __dczerorl2.o(.text)
    __decompress1                            0x08007335   Thumb Code    86  __dczerorl2.o(.text)
    __0printf$6                              0x0800738d   Thumb Code    22  printf6.o(i.__0printf$6)
    __1printf$6                              0x0800738d   Thumb Code     0  printf6.o(i.__0printf$6)
    __2printf                                0x0800738d   Thumb Code     0  printf6.o(i.__0printf$6)
    __0sprintf$6                             0x080073ad   Thumb Code    34  printf6.o(i.__0sprintf$6)
    __1sprintf$6                             0x080073ad   Thumb Code     0  printf6.o(i.__0sprintf$6)
    __2sprintf                               0x080073ad   Thumb Code     0  printf6.o(i.__0sprintf$6)
    __aeabi_errno_addr                       0x080073d5   Thumb Code     4  errno.o(i.__aeabi_errno_addr)
    __rt_errno_addr                          0x080073d5   Thumb Code     0  errno.o(i.__aeabi_errno_addr)
    __scatterload_copy                       0x080073dd   Thumb Code    14  handlers.o(i.__scatterload_copy)
    __scatterload_null                       0x080073eb   Thumb Code     2  handlers.o(i.__scatterload_null)
    __scatterload_zeroinit                   0x080073ed   Thumb Code    14  handlers.o(i.__scatterload_zeroinit)
    asc2_1206                                0x08007748   Data        1140  gui.o(.constdata)
    asc2_1608                                0x08007bbc   Data        1520  gui.o(.constdata)
    asc2_6432                                0x080081ac   Data        3328  gui.o(.constdata)
    tfont16                                  0x08008eac   Data        2618  gui.o(.constdata)
    tfont24                                  0x080098e6   Data         518  gui.o(.constdata)
    tfont32                                  0x08009aec   Data         520  gui.o(.constdata)
    gImage_qq                                0x08009cf4   Data        3200  test.o(.constdata)
    uch_spo2_table                           0x0800a984   Data         184  algorithm.o(.constdata)
    year_code                                0x0800aa3c   Data         597  bsp_calendar.o(.constdata)
    YearMonthBit                             0x0800ac91   Data         153  bsp_calendar.o(.constdata)
    days                                     0x0800ad2a   Data          24  bsp_calendar.o(.constdata)
    day_code1                                0x0800ad42   Data           9  bsp_calendar.o(.constdata)
    day_code2                                0x0800ad4c   Data           6  bsp_calendar.o(.constdata)
    table_week                               0x0800ad52   Data          12  bsp_calendar.o(.constdata)
    __ctype_table                            0x0800ad9c   Data         129  ctype_o.o(.constdata)
    Region$$Table$$Base                      0x0800b2b0   Number         0  anon$$obj.o(Region$$Table)
    Region$$Table$$Limit                     0x0800b2d0   Number         0  anon$$obj.o(Region$$Table)
    SystemCoreClock                          0x20000000   Data           4  system_stm32f10x.o(.data)
    AHBPrescTable                            0x20000004   Data          16  system_stm32f10x.o(.data)
    n_ir_buffer_length                       0x2000002c   Data           4  main.o(.data)
    n_sp02                                   0x20000030   Data           4  main.o(.data)
    ch_spo2_valid                            0x20000034   Data           1  main.o(.data)
    n_heart_rate                             0x20000038   Data           4  main.o(.data)
    ch_hr_valid                              0x2000003c   Data           1  main.o(.data)
    uch_dummy                                0x2000003d   Data           1  main.o(.data)
    temp_num                                 0x2000003e   Data           1  main.o(.data)
    POINT_COLOR                              0x20000040   Data           2  lcd.o(.data)
    BACK_COLOR                               0x20000042   Data           2  lcd.o(.data)
    DeviceCode                               0x20000044   Data           2  lcd.o(.data)
    ColorTab                                 0x20000046   Data          10  test.o(.data)
    hour_return                              0x20000050   Data           4  esp8266.o(.data)
    min_return                               0x20000054   Data           4  esp8266.o(.data)
    sec_return                               0x20000058   Data           4  esp8266.o(.data)
    esp8266_cnt                              0x2000005c   Data           2  esp8266.o(.data)
    esp8266_cntPre                           0x2000005e   Data           2  esp8266.o(.data)
    DAYS                                     0x20000060   Data           4  esp8266.o(.data)
    MOONS                                    0x20000064   Data           4  esp8266.o(.data)
    YEARS                                    0x20000068   Data           4  esp8266.o(.data)
    TIMES                                    0x2000006c   Data           4  esp8266.o(.data)
    JieQiStr                                 0x2000007c   Data          96  bsp_calendar.o(.data)
    sky                                      0x200000dc   Data          40  bsp_calendar.o(.data)
    earth                                    0x20000104   Data          48  bsp_calendar.o(.data)
    monthcode                                0x20000134   Data          48  bsp_calendar.o(.data)
    nongliday                                0x20000164   Data          16  bsp_calendar.o(.data)
    TimeDisplay                              0x200001a4   Data           4  bsp_rtc.o(.data)
    WEEK_STR                                 0x200001a8   Data          28  bsp_rtc.o(.data)
    zodiac_sign                              0x200001c4   Data          48  bsp_rtc.o(.data)
    en_WEEK_STR                              0x200001f4   Data          28  bsp_rtc.o(.data)
    en_zodiac_sign                           0x20000210   Data          48  bsp_rtc.o(.data)
    systmtime                                0x20000240   Data          28  bsp_rtc.o(.data)
    __stdin                                  0x20000264   Data           4  stdin.o(.data)
    __stdout                                 0x20000268   Data           4  stdout.o(.data)
    aun_ir_buffer                            0x20000724   Data        2000  main.o(.bss)
    aun_red_buffer                           0x20000ef4   Data        2000  main.o(.bss)
    DEBUG_USART_ReceiveData                  0x200016c4   Data        1028  stm32f10x_it.o(.bss)
    BLT_USART_ReceiveData                    0x20001ac8   Data        1028  stm32f10x_it.o(.bss)
    lcddev                                   0x20001ecc   Data          14  lcd.o(.bss)
    esp8266_buf                              0x20001eda   Data        2000  esp8266.o(.bss)
    Time_buff                                0x200026aa   Data        1024  esp8266.o(.bss)
    rtc_time_struct                          0x20002f5c   Data          28  bsp_rtc.o(.bss)
    __initial_sp                             0x20004078   Data           0  startup_stm32f10x_hd.o(STACK)



==============================================================================

Memory Map of the image

  Image Entry point : 0x08000131

  Load Region LR_IROM1 (Base: 0x08000000, Size: 0x0000b544, Max: 0x00080000, ABSOLUTE, COMPRESSED[0x0000b424])

    Execution Region ER_IROM1 (Base: 0x08000000, Size: 0x0000b2d0, Max: 0x00080000, ABSOLUTE)

    Base Addr    Size         Type   Attr      Idx    E Section Name        Object

    0x08000000   0x00000130   Data   RO            3    RESET               startup_stm32f10x_hd.o
    0x08000130   0x00000000   Code   RO          855  * .ARM.Collect$$$$00000000  mc_w.l(entry.o)
    0x08000130   0x00000004   Code   RO         1147    .ARM.Collect$$$$00000001  mc_w.l(entry2.o)
    0x08000134   0x00000004   Code   RO         1150    .ARM.Collect$$$$00000004  mc_w.l(entry5.o)
    0x08000138   0x00000000   Code   RO         1152    .ARM.Collect$$$$00000008  mc_w.l(entry7b.o)
    0x08000138   0x00000000   Code   RO         1154    .ARM.Collect$$$$0000000A  mc_w.l(entry8b.o)
    0x08000138   0x00000008   Code   RO         1155    .ARM.Collect$$$$0000000B  mc_w.l(entry9a.o)
    0x08000140   0x00000000   Code   RO         1157    .ARM.Collect$$$$0000000D  mc_w.l(entry10a.o)
    0x08000140   0x00000000   Code   RO         1159    .ARM.Collect$$$$0000000F  mc_w.l(entry11a.o)
    0x08000140   0x00000004   Code   RO         1148    .ARM.Collect$$$$00002712  mc_w.l(entry2.o)
    0x08000144   0x00000024   Code   RO            4    .text               startup_stm32f10x_hd.o
    0x08000168   0x000001e0   Code   RO           24    .text               system_stm32f10x.o
    0x08000348   0x000000dc   Code   RO          121    .text               misc.o
    0x08000424   0x000000c4   Code   RO          149    .text               stm32f10x_bkp.o
    0x080004e8   0x0000035c   Code   RO          269    .text               stm32f10x_gpio.o
    0x08000844   0x000000cc   Code   RO          305    .text               stm32f10x_pwr.o
    0x08000910   0x000003a4   Code   RO          317    .text               stm32f10x_rcc.o
    0x08000cb4   0x00000148   Code   RO          331    .text               stm32f10x_rtc.o
    0x08000dfc   0x0000030c   Code   RO          355    .text               stm32f10x_spi.o
    0x08001108   0x00000408   Code   RO          379    .text               stm32f10x_usart.o
    0x08001510   0x00000624   Code   RO          403    .text               main.o
    0x08001b34   0x000000d8   Code   RO          486    .text               stm32f10x_it.o
    0x08001c0c   0x00000068   Code   RO          520    .text               bsp_key.o
    0x08001c74   0x000001b4   Code   RO          532    .text               bsp_usart.o
    0x08001e28   0x0000013c   Code   RO          544    .text               bsp_usart_blt.o
    0x08001f64   0x00000c70   Code   RO          594    .text               gui.o
    0x08002bd4   0x000006c8   Code   RO          625    .text               lcd.o
    0x0800329c   0x00000b50   Code   RO          647    .text               test.o
    0x08003dec   0x000000cc   Code   RO          670    .text               spi.o
    0x08003eb8   0x000007d4   Code   RO          682    .text               esp8266.o
    0x0800468c   0x00000820   Code   RO          705    .text               adxl345.o
    0x08004eac   0x00000530   Code   RO          726    .text               algorithm.o
    0x080053dc   0x0000024c   Code   RO          742    .text               max30102.o
    0x08005628   0x00000684   Code   RO          754    .text               bsp_calendar.o
    0x08005cac   0x000001dc   Code   RO          771    .text               bsp_date.o
    0x08005e88   0x00000794   Code   RO          786    .text               bsp_rtc.o
    0x0800661c   0x000000ac   Code   RO          813    .text               delay.o
    0x080066c8   0x00000358   Code   RO          843    .text               iic.o
    0x08006a20   0x00000024   Code   RO          858    .text               mc_w.l(memcpya.o)
    0x08006a44   0x00000024   Code   RO          860    .text               mc_w.l(memseta.o)
    0x08006a68   0x00000024   Code   RO          862    .text               mc_w.l(strstr.o)
    0x08006a8c   0x0000000e   Code   RO          864    .text               mc_w.l(strlen.o)
    0x08006a9a   0x0000001c   Code   RO          866    .text               mc_w.l(strcmp.o)
    0x08006ab6   0x00000012   Code   RO          868    .text               mc_w.l(strcpy.o)
    0x08006ac8   0x00000020   Code   RO         1133    .text               mc_w.l(__0scanf.o)
    0x08006ae8   0x0000014c   Code   RO         1135    .text               mc_w.l(_scanf_int.o)
    0x08006c34   0x0000001a   Code   RO         1137    .text               mc_w.l(atoi.o)
    0x08006c4e   0x000000b0   Code   RO         1139    .text               mf_w.l(fadd.o)
    0x08006cfe   0x0000007c   Code   RO         1141    .text               mf_w.l(fdiv.o)
    0x08006d7a   0x00000012   Code   RO         1143    .text               mf_w.l(fflti.o)
    0x08006d8c   0x0000000a   Code   RO         1145    .text               mf_w.l(ffltui.o)
    0x08006d96   0x0000002c   Code   RO         1163    .text               mc_w.l(uidiv.o)
    0x08006dc2   0x0000001c   Code   RO         1174    .text               mc_w.l(_chval.o)
    0x08006dde   0x00000070   Code   RO         1176    .text               mc_w.l(strtol.o)
    0x08006e4e   0x00000002   PAD
    0x08006e50   0x00000014   Code   RO         1178    .text               mc_w.l(scanf_char_file.o)
    0x08006e64   0x00000000   Code   RO         1180    .text               mc_w.l(iusefp.o)
    0x08006e64   0x0000006e   Code   RO         1181    .text               mf_w.l(fepilogue.o)
    0x08006ed2   0x00000002   PAD
    0x08006ed4   0x00000024   Code   RO         1193    .text               mc_w.l(init.o)
    0x08006ef8   0x0000002c   Code   RO         1195    .text               mc_w.l(fgetc_b.o)
    0x08006f24   0x00000008   Code   RO         1204    .text               mc_w.l(ctype_o.o)
    0x08006f2c   0x00000012   Code   RO         1226    .text               mc_w.l(isspace_o.o)
    0x08006f3e   0x00000002   PAD
    0x08006f40   0x00000028   Code   RO         1232    .text               mc_w.l(scanf_char.o)
    0x08006f68   0x0000009e   Code   RO         1234    .text               mc_w.l(_strtoul.o)
    0x08007006   0x00000000   Code   RO         1238    .text               mc_w.l(semi.o)
    0x08007006   0x00000002   PAD
    0x08007008   0x0000032c   Code   RO         1241    .text               mc_w.l(_scanf.o)
    0x08007334   0x00000000   Code   RO         1243    .text               mc_w.l(iusesemig.o)
    0x08007334   0x00000056   Code   RO         1255    .text               mc_w.l(__dczerorl2.o)
    0x0800738a   0x00000002   PAD
    0x0800738c   0x00000020   Code   RO         1027    i.__0printf$6       mc_w.l(printf6.o)
    0x080073ac   0x00000028   Code   RO         1029    i.__0sprintf$6      mc_w.l(printf6.o)
    0x080073d4   0x00000008   Code   RO         1167    i.__aeabi_errno_addr  mc_w.l(errno.o)
    0x080073dc   0x0000000e   Code   RO         1249    i.__scatterload_copy  mc_w.l(handlers.o)
    0x080073ea   0x00000002   Code   RO         1250    i.__scatterload_null  mc_w.l(handlers.o)
    0x080073ec   0x0000000e   Code   RO         1251    i.__scatterload_zeroinit  mc_w.l(handlers.o)
    0x080073fa   0x00000002   PAD
    0x080073fc   0x000002f0   Code   RO         1034    i._printf_core      mc_w.l(printf6.o)
    0x080076ec   0x00000024   Code   RO         1035    i._printf_post_padding  mc_w.l(printf6.o)
    0x08007710   0x0000002e   Code   RO         1036    i._printf_pre_padding  mc_w.l(printf6.o)
    0x0800773e   0x0000000a   Code   RO         1038    i._sputc            mc_w.l(printf6.o)
    0x08007748   0x000025ac   Data   RO          595    .constdata          gui.o
    0x08009cf4   0x00000c90   Data   RO          648    .constdata          test.o
    0x0800a984   0x000000b8   Data   RO          728    .constdata          algorithm.o
    0x0800aa3c   0x0000032e   Data   RO          755    .constdata          bsp_calendar.o
    0x0800ad6a   0x00000002   PAD
    0x0800ad6c   0x00000030   Data   RO          772    .constdata          bsp_date.o
    0x0800ad9c   0x00000081   Data   RO         1205    .constdata          mc_w.l(ctype_o.o)
    0x0800ae1d   0x00000003   PAD
    0x0800ae20   0x00000004   Data   RO         1206    .constdata          mc_w.l(ctype_o.o)
    0x0800ae24   0x00000037   Data   RO          649    .conststring        test.o
    0x0800ae5b   0x00000001   PAD
    0x0800ae5c   0x0000004d   Data   RO          684    .conststring        esp8266.o
    0x0800aea9   0x00000003   PAD
    0x0800aeac   0x0000014f   Data   RO          756    .conststring        bsp_calendar.o
    0x0800affb   0x00000001   PAD
    0x0800affc   0x000002b3   Data   RO          788    .conststring        bsp_rtc.o
    0x0800b2af   0x00000001   PAD
    0x0800b2b0   0x00000020   Data   RO         1247    Region$$Table       anon$$obj.o


    Execution Region RW_IRAM1 (Base: 0x20000000, Size: 0x00004078, Max: 0x00010000, ABSOLUTE, COMPRESSED[0x00000154])

    Base Addr    Size         Type   Attr      Idx    E Section Name        Object

    0x20000000   0x00000014   Data   RW           25    .data               system_stm32f10x.o
    0x20000014   0x00000014   Data   RW          318    .data               stm32f10x_rcc.o
    0x20000028   0x00000018   Data   RW          405    .data               main.o
    0x20000040   0x00000006   Data   RW          627    .data               lcd.o
    0x20000046   0x0000000a   Data   RW          650    .data               test.o
    0x20000050   0x00000020   Data   RW          685    .data               esp8266.o
    0x20000070   0x0000000c   Data   RW          706    .data               adxl345.o
    0x2000007c   0x000000f8   Data   RW          757    .data               bsp_calendar.o
    0x20000174   0x00000030   Data   RW          773    .data               bsp_date.o
    0x200001a4   0x000000bc   Data   RW          789    .data               bsp_rtc.o
    0x20000260   0x00000004   Data   RW          814    .data               delay.o
    0x20000264   0x00000004   Data   RW         1161    .data               mc_w.l(stdin.o)
    0x20000268   0x00000004   Data   RW         1162    .data               mc_w.l(stdout.o)
    0x2000026c   0x00000004   Data   RW         1170    .data               mc_w.l(errno.o)
    0x20000270   0x00000003   Data   RW         1196    .data               mc_w.l(fgetc_b.o)
    0x20000273   0x00000001   PAD
    0x20000274   0x00001450   Zero   RW          404    .bss                main.o
    0x200016c4   0x00000808   Zero   RW          487    .bss                stm32f10x_it.o
    0x20001ecc   0x0000000e   Zero   RW          626    .bss                lcd.o
    0x20001eda   0x00000bd0   Zero   RW          683    .bss                esp8266.o
    0x20002aaa   0x00000002   PAD
    0x20002aac   0x000004b0   Zero   RW          727    .bss                algorithm.o
    0x20002f5c   0x0000011c   Zero   RW          787    .bss                bsp_rtc.o
    0x20003078   0x00001000   Zero   RW            1    STACK               startup_stm32f10x_hd.o


==============================================================================

Image component sizes


      Code (inc. data)   RO Data    RW Data    ZI Data      Debug   Object Name

      2080         28          0         12          0       9183   adxl345.o
      1328         18        184          0       1200       5838   algorithm.o
      1668        102       1149        248          0       5739   bsp_calendar.o
       476         16         48         48          0       2565   bsp_date.o
       104         10          0          0          0       1499   bsp_key.o
      1940        630        691        188        284       4599   bsp_rtc.o
       436         10          0          0          0       3010   bsp_usart.o
       316         14          0          0          0       2616   bsp_usart_blt.o
         0          0          0          0          0       4524   core_cm3.o
       172          8          0          4          0       1511   delay.o
      2004        786         77         32       3024       6678   esp8266.o
      3184         54       9644          0          0      12276   gui.o
       856         12          0          0          0       3982   iic.o
      1736         16          0          6         14       5957   lcd.o
      1572        386          0         24       5200      10587   main.o
       588          4          0          0          0       2899   max30102.o
       220         22          0          0          0       2237   misc.o
       204         10          0          0          0       1755   spi.o
        36          8        304          0       4096       1016   startup_stm32f10x_hd.o
       196          8          0          0          0       3936   stm32f10x_bkp.o
       860         38          0          0          0       6169   stm32f10x_gpio.o
       216         18          0          0       2056       2430   stm32f10x_it.o
       204         14          0          0          0       2167   stm32f10x_pwr.o
       932         36          0         20          0       9564   stm32f10x_rcc.o
       328          4          0          0          0       2942   stm32f10x_rtc.o
       780         14          0          0          0       7054   stm32f10x_spi.o
      1032         22          0          0          0       8896   stm32f10x_usart.o
       480         38          0         20          0     238751   system_stm32f10x.o
      2896        414       3271         10          0       4468   test.o

    ----------------------------------------------------------------------
     26844       2740      15408        612      15876     374848   Object Totals
         0          0         32          0          0          0   (incl. Generated)
         0          0          8          0          2          0   (incl. Padding)

    ----------------------------------------------------------------------

      Code (inc. data)   RO Data    RW Data    ZI Data      Debug   Library Member Name

        32          6          0          0          0         84   __0scanf.o
        86          0          0          0          0          0   __dczerorl2.o
        28          0          0          0          0         68   _chval.o
       812          4          0          0          0        112   _scanf.o
       332          0          0          0          0         96   _scanf_int.o
       158          0          0          0          0         92   _strtoul.o
        26          0          0          0          0         80   atoi.o
         8          4        133          0          0         68   ctype_o.o
         0          0          0          0          0          0   entry.o
         0          0          0          0          0          0   entry10a.o
         0          0          0          0          0          0   entry11a.o
         8          4          0          0          0          0   entry2.o
         4          0          0          0          0          0   entry5.o
         0          0          0          0          0          0   entry7b.o
         0          0          0          0          0          0   entry8b.o
         8          4          0          0          0          0   entry9a.o
         8          4          0          4          0         68   errno.o
        44          6          0          3          0        144   fgetc_b.o
        30          0          0          0          0          0   handlers.o
        36          8          0          0          0         68   init.o
        18          0          0          0          0         76   isspace_o.o
         0          0          0          0          0          0   iusefp.o
         0          0          0          0          0          0   iusesemig.o
        36          0          0          0          0         68   memcpya.o
        36          0          0          0          0        108   memseta.o
       916         20          0          0          0        504   printf6.o
        40          8          0          0          0         84   scanf_char.o
        20          8          0          0          0         68   scanf_char_file.o
         0          0          0          0          0          0   semi.o
         0          0          0          4          0          0   stdin.o
         0          0          0          4          0          0   stdout.o
        28          0          0          0          0         76   strcmp.o
        18          0          0          0          0         68   strcpy.o
        14          0          0          0          0         68   strlen.o
        36          0          0          0          0         80   strstr.o
       112          0          0          0          0         88   strtol.o
        44          0          0          0          0         80   uidiv.o
       176          0          0          0          0        140   fadd.o
       124          0          0          0          0         88   fdiv.o
       110          0          0          0          0        168   fepilogue.o
        18          0          0          0          0         68   fflti.o
        10          0          0          0          0         68   ffltui.o

    ----------------------------------------------------------------------
      3388         76        136         16          0       2780   Library Totals
        12          0          3          1          0          0   (incl. Padding)

    ----------------------------------------------------------------------

      Code (inc. data)   RO Data    RW Data    ZI Data      Debug   Library Name

      2938         76        133         15          0       2248   mc_w.l
       438          0          0          0          0        532   mf_w.l

    ----------------------------------------------------------------------
      3388         76        136         16          0       2780   Library Totals

    ----------------------------------------------------------------------

==============================================================================


      Code (inc. data)   RO Data    RW Data    ZI Data      Debug   

     30232       2816      15544        628      15876     374064   Grand Totals
     30232       2816      15544        340      15876     374064   ELF Image Totals (compressed)
     30232       2816      15544        340          0          0   ROM Totals

==============================================================================

    Total RO  Size (Code + RO Data)                45776 (  44.70kB)
    Total RW  Size (RW Data + ZI Data)             16504 (  16.12kB)
    Total ROM Size (Code + RO Data + RW Data)      46116 (  45.04kB)

==============================================================================

